// Jest Snapshot v1, https://goo.gl/fbAQLP

exports[`should be possible to activate button with Spacebar 1`] = `ReactWrapper {}`;
